#-----------------------------------------------------------
# Vivado v2025.2 (64-bit)
# SW Build 6299465 on Fri Nov 14 19:35:11 GMT 2025
# IP Build 6300035 on Fri Nov 14 10:48:45 MST 2025
# SharedData Build 6298862 on Thu Nov 13 04:50:51 MST 2025
# Start of session at: Wed Apr 22 14:07:07 2026
# Process ID         : 8196
# Current directory  : C:/Users/Lightcone/Documents/Real_document/College/year-2/semester-2/HW-SYN-LAB/ov7670_uart_test/ov7670_uart_test.runs/impl_1
# Command line       : vivado.exe -log top.vdi -applog -product Vivado -messageDb vivado.pb -mode batch -source top.tcl -notrace
# Log file           : C:/Users/Lightcone/Documents/Real_document/College/year-2/semester-2/HW-SYN-LAB/ov7670_uart_test/ov7670_uart_test.runs/impl_1/top.vdi
# Journal file       : C:/Users/Lightcone/Documents/Real_document/College/year-2/semester-2/HW-SYN-LAB/ov7670_uart_test/ov7670_uart_test.runs/impl_1\vivado.jou
# Running On         : DESKTOP-QHCLH71
# Platform           : Windows Server 2016 or Windows 10
# Operating System   : 26200
# Processor Detail   : 11th Gen Intel(R) Core(TM) i5-11300H @ 3.10GHz
# CPU Frequency      : 3110 MHz
# CPU Physical cores : 4
# CPU Logical cores  : 8
# Host memory        : 42621 MB
# Swap memory        : 2684 MB
# Total Virtual      : 45306 MB
# Available Virtual  : 27939 MB
#-----------------------------------------------------------
source top.tcl -notrace
